******************************************************************************
                  TI ARM Linker PC v15.12.3                    
******************************************************************************
>> Linked Sun Feb 26 15:18:12 2017

OUTPUT FILE NAME:   <newRTOS.out>
ENTRY POINT SYMBOL: "_c_int00"  address: 00000d69


MEMORY CONFIGURATION

         name            origin    length      used     unused   attr    fill
----------------------  --------  ---------  --------  --------  ----  --------
  FLASH                 00000000   00040000  00000ef0  0003f110  R  X
  SRAM                  20000000   00008000  00002c3a  000053c6  RW X


SEGMENT ALLOCATION MAP

run origin  load origin   length   init length attrs members
----------  ----------- ---------- ----------- ----- -------
00000000    00000000    00000ef4   00000ef4    r-x
  00000000    00000000    0000026c   0000026c    r-- .intvecs
  0000026c    0000026c    00000c40   00000c40    r-x .text
  00000eb0    00000eb0    00000044   00000044    r-- .cinit
20000000    20000000    00002c3c   00000000    rw-
  20000000    20000000    00002a1a   00000000    rw- .bss
  20002a1c    20002a1c    00000200   00000000    rw- .stack
  20002c1c    20002c1c    00000020   00000000    rw- .data


SECTION ALLOCATION MAP

 output                                  attributes/
section   page    origin      length       input sections
--------  ----  ----------  ----------   ----------------
.intvecs   0    00000000    0000026c     
                  00000000    0000026c     tm4c123gh6pm_startup_ccs.obj (.intvecs)

.text      0    0000026c    00000c40     
                  0000026c    00000908     new.obj (.text)
                  00000b74    0000009c     rtsv7M4_T_le_v4SPD16_eabi.lib : memcpy_t2.obj (.text)
                  00000c10    0000007a                                   : memset_t2.obj (.text)
                  00000c8a    00000002                                   : mpu_init.obj (.text)
                  00000c8c    00000070                                   : autoinit.obj (.text)
                  00000cfc    0000006a                                   : copy_decompress_rle.obj (.text)
                  00000d66    00000002                                   : startup.obj (.text)
                  00000d68    00000054                                   : boot.obj (.text)
                  00000dbc    00000054                                   : exit.obj (.text)
                  00000e10    0000004c                                   : cpy_tbl.obj (.text)
                  00000e5c    00000018                                   : args_main.obj (.text)
                  00000e74    00000014                                   : _lock.obj (.text)
                  00000e88    0000000e                                   : copy_decompress_none.obj (.text:decompress:none)
                  00000e96    0000000c     tm4c123gh6pm_startup_ccs.obj (.text)
                  00000ea2    00000006     rtsv7M4_T_le_v4SPD16_eabi.lib : copy_decompress_rle.obj (.text:decompress:rle24)
                  00000ea8    00000004                                   : pre_init.obj (.text)

.cinit     0    00000eb0    00000044     
                  00000eb0    0000001a     (.cinit..data.load) [load image, compression = rle]
                  00000eca    00000006     --HOLE-- [fill = 0]
                  00000ed0    0000000b     (.cinit..bss.load) [load image, compression = rle]
                  00000edb    00000001     --HOLE-- [fill = 0]
                  00000edc    00000008     (__TI_handler_table)
                  00000ee4    00000010     (__TI_cinit_table)

.init_array 
*          0    00000000    00000000     UNINITIALIZED

.bss       0    20000000    00002a1a     UNINITIALIZED
                  20000000    00002800     (.common:stack)
                  20002800    00000190     (.common:tcb)
                  20002990    00000078     (.common:semaphores)
                  20002a08    00000004     (.common:flashReq)
                  20002a0c    00000004     (.common:keyPressed)
                  20002a10    00000004     (.common:keyReleased)
                  20002a14    00000004     (.common:resource)
                  20002a18    00000001     (.common:j)
                  20002a19    00000001     (.common:y)

.stack     0    20002a1c    00000200     UNINITIALIZED
                  20002a1c    00000200     --HOLE--

.data      0    20002c1c    00000020     UNINITIALIZED
                  20002c1c    0000000c     rtsv7M4_T_le_v4SPD16_eabi.lib : exit.obj (.data:$O1$$)
                  20002c28    00000008                                   : _lock.obj (.data:$O1$$)
                  20002c30    00000006     new.obj (.data)
                  20002c36    00000002     --HOLE--
                  20002c38    00000004     rtsv7M4_T_le_v4SPD16_eabi.lib : stkdepth_vars.obj (.data)

MODULE SUMMARY

       Module                         code   ro data   rw data
       ------                         ----   -------   -------
    .\
       new.obj                        2312   0         10784  
       tm4c123gh6pm_startup_ccs.obj   12     620       0      
    +--+------------------------------+------+---------+---------+
       Total:                         2324   620       10784  
                                                              
    C:\ti\ccsv6\tools\compiler\arm_15.12.3.LTS\lib\rtsv7M4_T_le_v4SPD16_eabi.lib
       memcpy_t2.obj                  156    0         0      
       memset_t2.obj                  122    0         0      
       autoinit.obj                   112    0         0      
       copy_decompress_rle.obj        112    0         0      
       exit.obj                       84     0         12     
       boot.obj                       84     0         0      
       cpy_tbl.obj                    76     0         0      
       _lock.obj                      20     0         8      
       args_main.obj                  24     0         0      
       copy_decompress_none.obj       14     0         0      
       pre_init.obj                   4      0         0      
       stkdepth_vars.obj              0      0         4      
       mpu_init.obj                   2      0         0      
       startup.obj                    2      0         0      
    +--+------------------------------+------+---------+---------+
       Total:                         812    0         24     
                                                              
       Stack:                         0      0         512    
       Linker Generated:              0      61        0      
    +--+------------------------------+------+---------+---------+
       Grand Total:                   3136   681       11320  


LINKER GENERATED COPY TABLES

__TI_cinit_table @ 00000ee4 records: 2, size/record: 8, table size: 16
	.data: load addr=00000eb0, load size=0000001a bytes, run addr=20002c1c, run size=00000020 bytes, compression=rle
	.bss: load addr=00000ed0, load size=0000000b bytes, run addr=20000000, run size=00002a1a bytes, compression=rle


LINKER GENERATED HANDLER TABLE

__TI_handler_table @ 00000edc records: 2, size/record: 4, table size: 8
	index: 0, handler: __TI_decompress_rle24
	index: 1, handler: __TI_decompress_none


GLOBAL SYMBOLS: SORTED ALPHABETICALLY BY Name 

address   name                           
-------   ----                           
00000dbd  C$$EXIT                        
00000e97  ResetISR                       
UNDEFED   SHT$$INIT_ARRAY$$Base          
UNDEFED   SHT$$INIT_ARRAY$$Limit         
20002c1c  __STACK_END                    
00000200  __STACK_SIZE                   
20002c1c  __STACK_TOP                    
00000ee4  __TI_CINIT_Base                
00000ef4  __TI_CINIT_Limit               
00000edc  __TI_Handler_Table_Base        
00000ee4  __TI_Handler_Table_Limit       
00000c8d  __TI_auto_init                 
20002c1c  __TI_cleanup_ptr               
00000e89  __TI_decompress_none           
00000ea3  __TI_decompress_rle24          
20002c20  __TI_dtors_ptr                 
20002c24  __TI_enable_exit_profile_output
ffffffff  __TI_pprof_out_hndl            
ffffffff  __TI_prof_data_size            
ffffffff  __TI_prof_data_start           
00000000  __TI_static_base__             
00000c11  __aeabi_memclr                 
00000c11  __aeabi_memclr4                
00000c11  __aeabi_memclr8                
00000b75  __aeabi_memcpy                 
00000b75  __aeabi_memcpy4                
00000b75  __aeabi_memcpy8                
00000c13  __aeabi_memset                 
00000c13  __aeabi_memset4                
00000c13  __aeabi_memset8                
ffffffff  __binit__                      
ffffffff  __c_args__                     
00000c8b  __mpu_init                     
20002a1c  __stack                        
00000e5d  _args_main                     
00000d69  _c_int00                       
20002c28  _lock                          
00000e83  _nop                           
00000e7b  _register_lock                 
00000e75  _register_unlock               
00000d67  _system_post_cinit             
00000ea9  _system_pre_init               
20002c2c  _unlock                        
00000dc1  abort                          
ffffffff  binit                          
00000e11  copy_in                        
000004ad  createSemaphore                
0000035b  createThread                   
000009bb  debounce                       
000004a3  destroyThread                  
00000dc9  exit                           
00000865  flash4Hz                       
20002a08  flashReq                       
00000000  g_pfnVectors                   
0000026d  getsp                          
20002c34  i                              
00000829  idle                           
00000849  idle2                          
00000899  important                      
0000076d  initHw                         
20002a18  j                              
20002a0c  keyPressed                     
20002a10  keyReleased                    
000008e1  lengthyFn                      
00000a6d  main                           
20002c38  main_func_sp                   
00000b75  memcpy                         
00000c19  memset                         
00000879  oneshot                        
000008c1  partOfLengthyFn                
00000759  pendSvIsr                      
00000643  post                           
00000935  readKeys                       
00000825  readPbs                        
20002a14  resource                       
00000281  rtosInit                       
00000305  rtosScheduler                  
000002e3  rtosStart                      
20002c30  semaphoreCount                 
20002990  semaphores                     
00000273  setsp                          
00000a11  shell                          
00000523  sleep                          
20000000  stack                          
00000757  svCallIsr                      
000006f1  systickIsr                     
20002c32  taskCount                      
20002c31  taskCurrent                    
20002c33  taskNext                       
20002800  tcb                            
00000a01  uncooperative                  
000005b1  wait                           
00000805  waitMicrosecond                
20002a19  y                              
000004df  yield                          


GLOBAL SYMBOLS: SORTED BY Symbol Address 

address   name                           
-------   ----                           
00000000  __TI_static_base__             
00000000  g_pfnVectors                   
00000200  __STACK_SIZE                   
0000026d  getsp                          
00000273  setsp                          
00000281  rtosInit                       
000002e3  rtosStart                      
00000305  rtosScheduler                  
0000035b  createThread                   
000004a3  destroyThread                  
000004ad  createSemaphore                
000004df  yield                          
00000523  sleep                          
000005b1  wait                           
00000643  post                           
000006f1  systickIsr                     
00000757  svCallIsr                      
00000759  pendSvIsr                      
0000076d  initHw                         
00000805  waitMicrosecond                
00000825  readPbs                        
00000829  idle                           
00000849  idle2                          
00000865  flash4Hz                       
00000879  oneshot                        
00000899  important                      
000008c1  partOfLengthyFn                
000008e1  lengthyFn                      
00000935  readKeys                       
000009bb  debounce                       
00000a01  uncooperative                  
00000a11  shell                          
00000a6d  main                           
00000b75  __aeabi_memcpy                 
00000b75  __aeabi_memcpy4                
00000b75  __aeabi_memcpy8                
00000b75  memcpy                         
00000c11  __aeabi_memclr                 
00000c11  __aeabi_memclr4                
00000c11  __aeabi_memclr8                
00000c13  __aeabi_memset                 
00000c13  __aeabi_memset4                
00000c13  __aeabi_memset8                
00000c19  memset                         
00000c8b  __mpu_init                     
00000c8d  __TI_auto_init                 
00000d67  _system_post_cinit             
00000d69  _c_int00                       
00000dbd  C$$EXIT                        
00000dc1  abort                          
00000dc9  exit                           
00000e11  copy_in                        
00000e5d  _args_main                     
00000e75  _register_unlock               
00000e7b  _register_lock                 
00000e83  _nop                           
00000e89  __TI_decompress_none           
00000e97  ResetISR                       
00000ea3  __TI_decompress_rle24          
00000ea9  _system_pre_init               
00000edc  __TI_Handler_Table_Base        
00000ee4  __TI_CINIT_Base                
00000ee4  __TI_Handler_Table_Limit       
00000ef4  __TI_CINIT_Limit               
20000000  stack                          
20002800  tcb                            
20002990  semaphores                     
20002a08  flashReq                       
20002a0c  keyPressed                     
20002a10  keyReleased                    
20002a14  resource                       
20002a18  j                              
20002a19  y                              
20002a1c  __stack                        
20002c1c  __STACK_END                    
20002c1c  __STACK_TOP                    
20002c1c  __TI_cleanup_ptr               
20002c20  __TI_dtors_ptr                 
20002c24  __TI_enable_exit_profile_output
20002c28  _lock                          
20002c2c  _unlock                        
20002c30  semaphoreCount                 
20002c31  taskCurrent                    
20002c32  taskCount                      
20002c33  taskNext                       
20002c34  i                              
20002c38  main_func_sp                   
ffffffff  __TI_pprof_out_hndl            
ffffffff  __TI_prof_data_size            
ffffffff  __TI_prof_data_start           
ffffffff  __binit__                      
ffffffff  __c_args__                     
ffffffff  binit                          
UNDEFED   SHT$$INIT_ARRAY$$Base          
UNDEFED   SHT$$INIT_ARRAY$$Limit         

[95 symbols]
