******************************************************************************
                  TI ARM Linker PC v15.12.3                    
******************************************************************************
>> Linked Wed Apr 19 00:28:42 2017

OUTPUT FILE NAME:   <testing.out>
ENTRY POINT SYMBOL: "_c_int00"  address: 00003681


MEMORY CONFIGURATION

         name            origin    length      used     unused   attr    fill
----------------------  --------  ---------  --------  --------  ----  --------
  FLASH                 00000000   00040000  00003b3e  0003c4c2  R  X
  SRAM                  20000000   00008000  00002e7a  00005186  RW X


SEGMENT ALLOCATION MAP

run origin  load origin   length   init length attrs members
----------  ----------- ---------- ----------- ----- -------
00000000    00000000    00003b44   00003b44    r-x
  00000000    00000000    0000026c   0000026c    r-- .intvecs
  0000026c    0000026c    000036ee   000036ee    r-x .text
  00003960    00003960    000001a0   000001a0    r-- .const
  00003b00    00003b00    00000044   00000044    r-- .cinit
20000000    20000000    00002e7c   00000000    rw-
  20000000    20000000    00002c4a   00000000    rw- .bss
  20002c4c    20002c4c    00000200   00000000    rw- .stack
  20002e4c    20002e4c    00000030   00000000    rw- .data


SECTION ALLOCATION MAP

 output                                  attributes/
section   page    origin      length       input sections
--------  ----  ----------  ----------   ----------------
.intvecs   0    00000000    0000026c     
                  00000000    0000026c     tm4c123gh6pm_startup_ccs.obj (.intvecs)

.text      0    0000026c    000036ee     
                  0000026c    00001568     14_rtos_preempt.obj (.text)
                  000017d4    00001110     rtsv7M4_T_le_v4SPD16_eabi.lib : _printfi.obj (.text)
                  000028e4    0000023c                                   : strtod.obj (.text)
                  00002b20    000001f4                                   : ull_div_t2.obj (.text)
                  00002d14    000001b6                                   : fd_add_t2.obj (.text)
                  00002eca    00000136                                   : fd_div_t2.obj (.text)
                  00003000    000000fc                                   : fd_mul_t2.obj (.text)
                  000030fc    000000fc                                   : s_scalbn.obj (.text)
                  000031f8    0000009c                                   : memcpy_t2.obj (.text)
                  00003294    00000086                                   : fd_cmp_t2.obj (.text:__aeabi_cdcmple)
                  0000331a    00000086                                   : fd_cmp_t2.obj (.text:__aeabi_cdrcmple)
                  000033a0    0000007a                                   : memset_t2.obj (.text)
                  0000341a    00000002                                   : mpu_init.obj (.text)
                  0000341c    00000070                                   : autoinit.obj (.text)
                  0000348c    0000006e                                   : fd_tos_t2.obj (.text)
                  000034fa    0000006a                                   : copy_decompress_rle.obj (.text)
                  00003564    00000064                                   : s_frexp.obj (.text)
                  000035c8    00000060                                   : sprintf.obj (.text)
                  00003628    00000056                                   : ltoa.obj (.text)
                  0000367e    00000002                                   : startup.obj (.text)
                  00003680    00000054                                   : boot.obj (.text)
                  000036d4    00000054                                   : exit.obj (.text)
                  00003728    0000004c                                   : atoi.obj (.text)
                  00003774    0000004c                                   : cpy_tbl.obj (.text)
                  000037c0    00000048                                   : fd_toi_t2.obj (.text)
                  00003808    00000038                                   : fs_tod_t2.obj (.text)
                  00003840    0000002e                                   : i_tofd_t2.obj (.text)
                  0000386e    0000001c                                   : memccpy.obj (.text)
                  0000388a    00000002     --HOLE-- [fill = 0]
                  0000388c    00000018                                   : args_main.obj (.text)
                  000038a4    00000018                                   : strcmp.obj (.text)
                  000038bc    00000016                                   : strchr.obj (.text)
                  000038d2    00000002     --HOLE-- [fill = 0]
                  000038d4    00000014                                   : _lock.obj (.text)
                  000038e8    00000014                                   : s_copysign.obj (.text)
                  000038fc    00000014                                   : strcpy.obj (.text)
                  00003910    00000014                                   : strlen.obj (.text)
                  00003924    00000012                                   : atof.obj (.text)
                  00003936    0000000e                                   : copy_decompress_none.obj (.text:decompress:none)
                  00003944    0000000c     tm4c123gh6pm_startup_ccs.obj (.text)
                  00003950    00000006     rtsv7M4_T_le_v4SPD16_eabi.lib : copy_decompress_rle.obj (.text:decompress:rle24)
                  00003956    00000004                                   : pre_init.obj (.text)

.const     0    00003960    000001a0     
                  00003960    00000101     rtsv7M4_T_le_v4SPD16_eabi.lib : ctype.obj (.const:.string:_ctypes_)
                  00003a61    00000007     --HOLE-- [fill = 0]
                  00003a68    00000098                                   : strtod.obj (.const:$O1$$)

.cinit     0    00003b00    00000044     
                  00003b00    00000020     (.cinit..data.load) [load image, compression = rle]
                  00003b20    0000000b     (.cinit..bss.load) [load image, compression = rle]
                  00003b2b    00000001     --HOLE-- [fill = 0]
                  00003b2c    00000008     (__TI_handler_table)
                  00003b34    00000010     (__TI_cinit_table)

.init_array 
*          0    00000000    00000000     UNINITIALIZED

.bss       0    20000000    00002c4a     UNINITIALIZED
                  20000000    00002800     (.common:stack)
                  20002800    00000230     (.common:tcb)
                  20002a30    000000dc     (.common:semaphores)
                  20002b0c    00000054     (.common:str_new1)
                  20002b60    00000054     (.common:stri)
                  20002bb4    00000014     14_rtos_preempt.obj (.bss:string2$2)
                  20002bc8    00000014     (.common:A)
                  20002bdc    00000014     (.common:B)
                  20002bf0    00000014     (.common:field_position)
                  20002c04    00000014     (.common:time)
                  20002c18    00000010     (.common:C)
                  20002c28    00000004     (.common:flashReq)
                  20002c2c    00000004     (.common:i)
                  20002c30    00000004     (.common:keyPressed)
                  20002c34    00000004     (.common:keyReleased)
                  20002c38    00000004     (.common:name)
                  20002c3c    00000004     (.common:pid)
                  20002c40    00000004     (.common:resource)
                  20002c44    00000004     (.common:value)
                  20002c48    00000002     (.common:j)

.stack     0    20002c4c    00000200     UNINITIALIZED
                  20002c4c    00000200     --HOLE--

.data      0    20002e4c    00000030     UNINITIALIZED
                  20002e4c    00000011     14_rtos_preempt.obj (.data)
                  20002e5d    00000003     --HOLE--
                  20002e60    0000000c     rtsv7M4_T_le_v4SPD16_eabi.lib : exit.obj (.data:$O1$$)
                  20002e6c    00000008                                   : _lock.obj (.data:$O1$$)
                  20002e74    00000004                                   : errno.obj (.data)
                  20002e78    00000004                                   : stkdepth_vars.obj (.data)

MODULE SUMMARY

       Module                         code    ro data   rw data
       ------                         ----    -------   -------
    .\
       14_rtos_preempt.obj            5480    0         11355  
       tm4c123gh6pm_startup_ccs.obj   12      620       0      
    +--+------------------------------+-------+---------+---------+
       Total:                         5492    620       11355  
                                                               
    C:\ti\ccsv6\tools\compiler\arm_15.12.3.LTS\lib\rtsv7M4_T_le_v4SPD16_eabi.lib
       _printfi.obj                   4368    0         0      
       strtod.obj                     572     152       0      
       ull_div_t2.obj                 500     0         0      
       fd_add_t2.obj                  438     0         0      
       fd_div_t2.obj                  310     0         0      
       fd_cmp_t2.obj                  268     0         0      
       ctype.obj                      0       257       0      
       fd_mul_t2.obj                  252     0         0      
       s_scalbn.obj                   252     0         0      
       memcpy_t2.obj                  156     0         0      
       memset_t2.obj                  122     0         0      
       autoinit.obj                   112     0         0      
       copy_decompress_rle.obj        112     0         0      
       fd_tos_t2.obj                  110     0         0      
       s_frexp.obj                    100     0         0      
       exit.obj                       84      0         12     
       sprintf.obj                    96      0         0      
       ltoa.obj                       86      0         0      
       boot.obj                       84      0         0      
       atoi.obj                       76      0         0      
       cpy_tbl.obj                    76      0         0      
       fd_toi_t2.obj                  72      0         0      
       fs_tod_t2.obj                  56      0         0      
       i_tofd_t2.obj                  46      0         0      
       _lock.obj                      20      0         8      
       memccpy.obj                    28      0         0      
       args_main.obj                  24      0         0      
       strcmp.obj                     24      0         0      
       strchr.obj                     22      0         0      
       s_copysign.obj                 20      0         0      
       strcpy.obj                     20      0         0      
       strlen.obj                     20      0         0      
       atof.obj                       18      0         0      
       copy_decompress_none.obj       14      0         0      
       errno.obj                      0       0         4      
       pre_init.obj                   4       0         0      
       stkdepth_vars.obj              0       0         4      
       mpu_init.obj                   2       0         0      
       startup.obj                    2       0         0      
    +--+------------------------------+-------+---------+---------+
       Total:                         8566    409       28     
                                                               
       Stack:                         0       0         512    
       Linker Generated:              0       67        0      
    +--+------------------------------+-------+---------+---------+
       Grand Total:                   14058   1096      11895  


LINKER GENERATED COPY TABLES

__TI_cinit_table @ 00003b34 records: 2, size/record: 8, table size: 16
	.data: load addr=00003b00, load size=00000020 bytes, run addr=20002e4c, run size=00000030 bytes, compression=rle
	.bss: load addr=00003b20, load size=0000000b bytes, run addr=20000000, run size=00002c4a bytes, compression=rle


LINKER GENERATED HANDLER TABLE

__TI_handler_table @ 00003b2c records: 2, size/record: 4, table size: 8
	index: 0, handler: __TI_decompress_rle24
	index: 1, handler: __TI_decompress_none


GLOBAL SYMBOLS: SORTED ALPHABETICALLY BY Name 

address   name                           
-------   ----                           
20002bc8  A                              
20002bdc  B                              
20002c18  C                              
000036d5  C$$EXIT                        
00003945  ResetISR                       
UNDEFED   SHT$$INIT_ARRAY$$Base          
UNDEFED   SHT$$INIT_ARRAY$$Limit         
00000af5  Timer1Isr                      
20002e4c  __STACK_END                    
00000200  __STACK_SIZE                   
20002e4c  __STACK_TOP                    
00003b34  __TI_CINIT_Base                
00003b44  __TI_CINIT_Limit               
00003b2c  __TI_Handler_Table_Base        
00003b34  __TI_Handler_Table_Limit       
0000341d  __TI_auto_init                 
20002e60  __TI_cleanup_ptr               
00003937  __TI_decompress_none           
00003951  __TI_decompress_rle24          
20002e64  __TI_dtors_ptr                 
20002e68  __TI_enable_exit_profile_output
ffffffff  __TI_pprof_out_hndl            
000025df  __TI_printfi                   
ffffffff  __TI_prof_data_size            
ffffffff  __TI_prof_data_start           
00000000  __TI_static_base__             
00003295  __aeabi_cdcmpeq                
00003295  __aeabi_cdcmple                
0000331b  __aeabi_cdrcmple               
0000348d  __aeabi_d2f                    
000037c1  __aeabi_d2iz                   
00002d1f  __aeabi_dadd                   
00002ecb  __aeabi_ddiv                   
00003001  __aeabi_dmul                   
00002d15  __aeabi_dsub                   
00003809  __aeabi_f2d                    
00003841  __aeabi_i2d                    
000033a1  __aeabi_memclr                 
000033a1  __aeabi_memclr4                
000033a1  __aeabi_memclr8                
000031f9  __aeabi_memcpy                 
000031f9  __aeabi_memcpy4                
000031f9  __aeabi_memcpy8                
000033a3  __aeabi_memset                 
000033a3  __aeabi_memset4                
000033a3  __aeabi_memset8                
00002b21  __aeabi_uldivmod               
ffffffff  __binit__                      
ffffffff  __c_args__                     
0000341b  __mpu_init                     
20002c4c  __stack                        
0000388d  _args_main                     
00003681  _c_int00                       
00003960  _ctypes_                       
20002e6c  _lock                          
000038e3  _nop                           
000038db  _register_lock                 
000038d5  _register_unlock               
0000367f  _system_post_cinit             
00003957  _system_pre_init               
20002e70  _unlock                        
000036d9  abort                          
00003925  atof                           
00003729  atoi                           
ffffffff  binit                          
00000dc5  check_string                   
00003775  copy_in                        
000038e9  copysign                       
000038e9  copysignl                      
20002e58  countTime                      
000003f5  createSemaphore                
000003d9  createThread                   
000014b9  debounce                       
000003e9  destroyThread                  
20002e74  errno                          
000036e1  exit                           
20002e54  field_count                    
20002bf0  field_position                 
20002e4d  flag                           
00001325  flash4Hz                       
20002c28  flashReq                       
00003565  frexp                          
00003565  frexpl                         
00000000  g_pfnVectors                   
000004cf  get_N                          
00001087  get_commands                   
00001043  get_number                     
0000106f  get_string2                    
00000c55  getcUart0                      
000002cf  getsp                          
00000c9d  getstring                      
20002c2c  i                              
000012e5  idle                           
00001305  idle2                          
00001517  important                      
00000b29  initHw                         
00001017  iscommand                      
20002c48  j                              
20002c30  keyPressed                     
20002c34  keyReleased                    
000030fd  ldexp                          
000030fd  ldexpl                         
00001399  lengthyFn                      
00003629  ltoa                           
000015b9  main                           
20002e78  main_func_sp                   
0000386f  memccpy                        
000031f9  memcpy                         
000033a9  memset                         
20002c38  name                           
00001341  oneshot                        
0000136d  partOfLengthyFn                
00000aa9  pendSvIsr                      
20002c3c  pid                            
0000044d  post                           
00000bf5  putcUart0                      
00000c1d  putsUart0                      
00001419  readKeys                       
000012b5  readPbs                        
20002c40  resource                       
0000026d  rtosInit                       
000002e3  rtosScheduler                  
000003c9  rtosStart                      
000030fd  scalbn                         
000030fd  scalbnl                        
20002e4c  semaphoreCount                 
20002a30  semaphores                     
000002d5  setsp                          
0000127f  shell                          
00000435  sleep                          
000035c9  sprintf                        
20000000  stack                          
20002b0c  str_new1                       
000038bd  strchr                         
000038a5  strcmp                         
000038fd  strcpy                         
20002b60  stri                           
00003911  strlen                         
000028e5  strtod                         
000028e5  strtold                        
0000050d  svCallIsr                      
00000459  systickIsr                     
20002e52  t                              
20002e51  taskCount                      
20002e4e  taskCurrent                    
20002e50  taskNext                       
20002e4f  taskWaiting                    
20002800  tcb                            
20002c04  time                           
00001507  uncooperative                  
20002c44  value                          
00000441  wait                           
00000c79  waitMicrosecond                
00000431  yield                          


GLOBAL SYMBOLS: SORTED BY Symbol Address 

address   name                           
-------   ----                           
00000000  __TI_static_base__             
00000000  g_pfnVectors                   
00000200  __STACK_SIZE                   
0000026d  rtosInit                       
000002cf  getsp                          
000002d5  setsp                          
000002e3  rtosScheduler                  
000003c9  rtosStart                      
000003d9  createThread                   
000003e9  destroyThread                  
000003f5  createSemaphore                
00000431  yield                          
00000435  sleep                          
00000441  wait                           
0000044d  post                           
00000459  systickIsr                     
000004cf  get_N                          
0000050d  svCallIsr                      
00000aa9  pendSvIsr                      
00000af5  Timer1Isr                      
00000b29  initHw                         
00000bf5  putcUart0                      
00000c1d  putsUart0                      
00000c55  getcUart0                      
00000c79  waitMicrosecond                
00000c9d  getstring                      
00000dc5  check_string                   
00001017  iscommand                      
00001043  get_number                     
0000106f  get_string2                    
00001087  get_commands                   
0000127f  shell                          
000012b5  readPbs                        
000012e5  idle                           
00001305  idle2                          
00001325  flash4Hz                       
00001341  oneshot                        
0000136d  partOfLengthyFn                
00001399  lengthyFn                      
00001419  readKeys                       
000014b9  debounce                       
00001507  uncooperative                  
00001517  important                      
000015b9  main                           
000025df  __TI_printfi                   
000028e5  strtod                         
000028e5  strtold                        
00002b21  __aeabi_uldivmod               
00002d15  __aeabi_dsub                   
00002d1f  __aeabi_dadd                   
00002ecb  __aeabi_ddiv                   
00003001  __aeabi_dmul                   
000030fd  ldexp                          
000030fd  ldexpl                         
000030fd  scalbn                         
000030fd  scalbnl                        
000031f9  __aeabi_memcpy                 
000031f9  __aeabi_memcpy4                
000031f9  __aeabi_memcpy8                
000031f9  memcpy                         
00003295  __aeabi_cdcmpeq                
00003295  __aeabi_cdcmple                
0000331b  __aeabi_cdrcmple               
000033a1  __aeabi_memclr                 
000033a1  __aeabi_memclr4                
000033a1  __aeabi_memclr8                
000033a3  __aeabi_memset                 
000033a3  __aeabi_memset4                
000033a3  __aeabi_memset8                
000033a9  memset                         
0000341b  __mpu_init                     
0000341d  __TI_auto_init                 
0000348d  __aeabi_d2f                    
00003565  frexp                          
00003565  frexpl                         
000035c9  sprintf                        
00003629  ltoa                           
0000367f  _system_post_cinit             
00003681  _c_int00                       
000036d5  C$$EXIT                        
000036d9  abort                          
000036e1  exit                           
00003729  atoi                           
00003775  copy_in                        
000037c1  __aeabi_d2iz                   
00003809  __aeabi_f2d                    
00003841  __aeabi_i2d                    
0000386f  memccpy                        
0000388d  _args_main                     
000038a5  strcmp                         
000038bd  strchr                         
000038d5  _register_unlock               
000038db  _register_lock                 
000038e3  _nop                           
000038e9  copysign                       
000038e9  copysignl                      
000038fd  strcpy                         
00003911  strlen                         
00003925  atof                           
00003937  __TI_decompress_none           
00003945  ResetISR                       
00003951  __TI_decompress_rle24          
00003957  _system_pre_init               
00003960  _ctypes_                       
00003b2c  __TI_Handler_Table_Base        
00003b34  __TI_CINIT_Base                
00003b34  __TI_Handler_Table_Limit       
00003b44  __TI_CINIT_Limit               
20000000  stack                          
20002800  tcb                            
20002a30  semaphores                     
20002b0c  str_new1                       
20002b60  stri                           
20002bc8  A                              
20002bdc  B                              
20002bf0  field_position                 
20002c04  time                           
20002c18  C                              
20002c28  flashReq                       
20002c2c  i                              
20002c30  keyPressed                     
20002c34  keyReleased                    
20002c38  name                           
20002c3c  pid                            
20002c40  resource                       
20002c44  value                          
20002c48  j                              
20002c4c  __stack                        
20002e4c  __STACK_END                    
20002e4c  __STACK_TOP                    
20002e4c  semaphoreCount                 
20002e4d  flag                           
20002e4e  taskCurrent                    
20002e4f  taskWaiting                    
20002e50  taskNext                       
20002e51  taskCount                      
20002e52  t                              
20002e54  field_count                    
20002e58  countTime                      
20002e60  __TI_cleanup_ptr               
20002e64  __TI_dtors_ptr                 
20002e68  __TI_enable_exit_profile_output
20002e6c  _lock                          
20002e70  _unlock                        
20002e74  errno                          
20002e78  main_func_sp                   
ffffffff  __TI_pprof_out_hndl            
ffffffff  __TI_prof_data_size            
ffffffff  __TI_prof_data_start           
ffffffff  __binit__                      
ffffffff  __c_args__                     
ffffffff  binit                          
UNDEFED   SHT$$INIT_ARRAY$$Base          
UNDEFED   SHT$$INIT_ARRAY$$Limit         

[154 symbols]
